[debug] [2026-07-14T12:29:55.147Z] ----------------------------------------------------------------------
[debug] [2026-07-14T12:29:55.149Z] Command:       /Users/indrajith/.nvm/versions/node/v20.17.0/bin/node /Users/indrajith/.nvm/versions/node/v20.17.0/bin/firebase projects:list
[debug] [2026-07-14T12:29:55.149Z] CLI Version:   14.19.1
[debug] [2026-07-14T12:29:55.149Z] Platform:      darwin
[debug] [2026-07-14T12:29:55.149Z] Node Version:  v20.17.0
[debug] [2026-07-14T12:29:55.149Z] Time:          Tue Jul 14 2026 17:59:55 GMT+0530 (India Standard Time)
[debug] [2026-07-14T12:29:55.149Z] ----------------------------------------------------------------------
[debug] 
[debug] [2026-07-14T12:29:55.150Z] >>> [apiv2][query] GET https://firebase-public.firebaseio.com/cli.json [none]
[debug] [2026-07-14T12:29:55.177Z] > command requires scopes: ["email","openid","https://www.googleapis.com/auth/cloudplatformprojects.readonly","https://www.googleapis.com/auth/firebase","https://www.googleapis.com/auth/cloud-platform"]
[debug] [2026-07-14T12:29:55.177Z] > authorizing via signed-in user (indrajith@rudx.ai)
[debug] [2026-07-14T12:29:55.178Z] Checked if tokens are valid: false, expires at: 1765899420684
[debug] [2026-07-14T12:29:55.178Z] Checked if tokens are valid: false, expires at: 1765899420684
[debug] [2026-07-14T12:29:55.178Z] > refreshing access token with scopes: []
[debug] [2026-07-14T12:29:55.179Z] >>> [apiv2][query] POST https://www.googleapis.com/oauth2/v3/token [none]
[debug] [2026-07-14T12:29:55.179Z] >>> [apiv2][body] POST https://www.googleapis.com/oauth2/v3/token [omitted]
[debug] [2026-07-14T12:29:55.348Z] <<< [apiv2][status] POST https://www.googleapis.com/oauth2/v3/token 400
[debug] [2026-07-14T12:29:55.348Z] <<< [apiv2][body] POST https://www.googleapis.com/oauth2/v3/token [omitted]
[error] Authentication Error: Your credentials are no longer valid. Please run firebase login --reauth

For CI servers and headless environments, generate a new token with firebase login:ci
[error] Authentication Error: Your credentials are no longer valid. Please run firebase login --reauth

For CI servers and headless environments, generate a new token with firebase login:ci
[debug] [2026-07-14T12:29:55.349Z] Authentication Error: Your credentials are no longer valid. Please run firebase login --reauth

For CI servers and headless environments, generate a new token with firebase login:ci
[debug] [2026-07-14T12:29:55.349Z] FirebaseError: Authentication Error: Your credentials are no longer valid. Please run firebase login --reauth

For CI servers and headless environments, generate a new token with firebase login:ci
    at invalidCredentialError (/Users/indrajith/.nvm/versions/node/v20.17.0/lib/node_modules/firebase-tools/lib/auth.js:167:12)
    at refreshTokens (/Users/indrajith/.nvm/versions/node/v20.17.0/lib/node_modules/firebase-tools/lib/auth.js:591:15)
    at process.processTicksAndRejections (node:internal/process/task_queues:95:5)
    at async getAccessToken (/Users/indrajith/.nvm/versions/node/v20.17.0/lib/node_modules/firebase-tools/lib/apiv2.js:42:18)
    at async Client.addAuthHeader (/Users/indrajith/.nvm/versions/node/v20.17.0/lib/node_modules/firebase-tools/lib/apiv2.js:169:21)
    at async Client.request (/Users/indrajith/.nvm/versions/node/v20.17.0/lib/node_modules/firebase-tools/lib/apiv2.js:120:34)
    at async getProjectPage (/Users/indrajith/.nvm/versions/node/v20.17.0/lib/node_modules/firebase-tools/lib/management/projects.js:279:17)
    at async getFirebaseProjectPage (/Users/indrajith/.nvm/versions/node/v20.17.0/lib/node_modules/firebase-tools/lib/management/projects.js:296:23)
    at async listFirebaseProjects (/Users/indrajith/.nvm/versions/node/v20.17.0/lib/node_modules/firebase-tools/lib/management/projects.js:327:29)
    at async Command.actionFn (/Users/indrajith/.nvm/versions/node/v20.17.0/lib/node_modules/firebase-tools/lib/commands/projects-list.js:51:20)
[error] 
[error] Error: Failed to list Firebase projects. See firebase-debug.log for more info.
